// Jest Snapshot v1, https://goo.gl/fbAQLP

exports[`GameContainerComponent should match the snapshot with existing played cards 1`] = `
<ng-component>
  <card-game-game-container>
    <div>
      Rounds left: 30
    </div>
    <div>
      Played Cards: [H2]
    </div>
    <button>
      Draw new Card
    </button>
    <div>
      <button>
         Bet lower 
      </button>
      <button>
         Bet higher 
      </button>
    </div>
    <div>
      Score: 0
    </div>
  </card-game-game-container>
</ng-component>
`;
