// Jest Snapshot v1, https://goo.gl/fbAQLP

exports[`WelcomeContainerComponent should match the snapshot 1`] = `
<ng-component>
  <card-game-welcome-container>
    <p>
      welcome-container works!
    </p>
  </card-game-welcome-container>
</ng-component>
`;
